
2026-03-30 22:37:56,657 - INFO - Filepath provided
2026-03-30 22:37:56,657 - INFO - Loading Data
2026-03-30 22:37:56,657 - INFO - File loaded sucessfully
2026-03-30 22:37:56,681 - INFO - Cleaning Data
2026-03-30 22:37:56,681 - INFO - Data cleaned sucessfully
2026-03-30 22:56:29,585 - INFO - Filepath provided
2026-03-30 22:56:29,585 - INFO - Loading Data
2026-03-30 22:56:29,585 - INFO - File loaded sucessfully
2026-03-30 22:56:29,608 - INFO - Cleaning Data
2026-03-30 22:56:29,609 - INFO - Data cleaned sucessfully
2026-03-30 22:59:28,521 - INFO - Filepath provided
2026-03-30 22:59:28,521 - INFO - Loading Data
2026-03-30 22:59:28,521 - INFO - File loaded sucessfully
2026-03-30 22:59:28,545 - INFO - Cleaning Data
2026-03-30 22:59:28,546 - INFO - Data cleaned sucessfully
2026-03-30 23:01:10,766 - INFO - Filepath provided
2026-03-30 23:01:10,766 - INFO - Loading Data
2026-03-30 23:01:10,766 - INFO - File loaded sucessfully
2026-03-30 23:01:10,789 - INFO - Cleaning Data
2026-03-30 23:01:10,789 - INFO - Data cleaned sucessfully
2026-03-30 23:01:23,987 - INFO - Filepath provided
2026-03-30 23:01:23,987 - INFO - Loading Data
2026-03-30 23:01:23,988 - INFO - File loaded sucessfully
2026-03-30 23:01:24,011 - INFO - Cleaning Data
2026-03-30 23:01:24,011 - INFO - Data cleaned sucessfully
